[3.274s] Invoking command in '/home/acer/ros2_ws/src/py_pubsub': PYTHONPATH=/home/acer/ros2_ws/src/py_pubsub/build/py_pubsub/prefix_override:/usr/lib/python3/dist-packages/colcon_core/task/python/colcon_distutils_commands:/home/acer/ros2_ws/src/py_pubsub/install/py_pubsub/lib/python3.12/site-packages:${PYTHONPATH} /usr/bin/python3 -W ignore:setup.py install is deprecated -W ignore:easy_install command is deprecated setup.py egg_info --egg-base build/py_pubsub build --build-base /home/acer/ros2_ws/src/py_pubsub/build/py_pubsub/build install --record /home/acer/ros2_ws/src/py_pubsub/build/py_pubsub/install.log --install-scripts $base/lib/py_pubsub --single-version-externally-managed install_data
[3.806s] running egg_info
[3.807s] creating build/py_pubsub/py_pubsub.egg-info
[3.838s] writing build/py_pubsub/py_pubsub.egg-info/PKG-INFO
[3.839s] writing dependency_links to build/py_pubsub/py_pubsub.egg-info/dependency_links.txt
[3.839s] writing entry points to build/py_pubsub/py_pubsub.egg-info/entry_points.txt
[3.839s] writing requirements to build/py_pubsub/py_pubsub.egg-info/requires.txt
[3.840s] writing top-level names to build/py_pubsub/py_pubsub.egg-info/top_level.txt
[3.840s] writing manifest file 'build/py_pubsub/py_pubsub.egg-info/SOURCES.txt'
[3.914s] reading manifest file 'build/py_pubsub/py_pubsub.egg-info/SOURCES.txt'
[3.915s] adding license file 'LICENSE'
[3.916s] writing manifest file 'build/py_pubsub/py_pubsub.egg-info/SOURCES.txt'
[3.917s] running build
[3.917s] running build_py
[3.918s] creating /home/acer/ros2_ws/src/py_pubsub/build/py_pubsub/build
[3.918s] creating /home/acer/ros2_ws/src/py_pubsub/build/py_pubsub/build/lib
[3.919s] creating /home/acer/ros2_ws/src/py_pubsub/build/py_pubsub/build/lib/py_pubsub
[3.919s] copying py_pubsub/publisher_member_function.py -> /home/acer/ros2_ws/src/py_pubsub/build/py_pubsub/build/lib/py_pubsub
[3.921s] copying py_pubsub/__init__.py -> /home/acer/ros2_ws/src/py_pubsub/build/py_pubsub/build/lib/py_pubsub
[3.922s] copying py_pubsub/subscriber_member_function.py -> /home/acer/ros2_ws/src/py_pubsub/build/py_pubsub/build/lib/py_pubsub
[3.922s] running install
[3.938s] running install_lib
[3.986s] creating /home/acer/ros2_ws/src/py_pubsub/install/py_pubsub/lib/python3.12/site-packages/py_pubsub
[3.987s] copying /home/acer/ros2_ws/src/py_pubsub/build/py_pubsub/build/lib/py_pubsub/publisher_member_function.py -> /home/acer/ros2_ws/src/py_pubsub/install/py_pubsub/lib/python3.12/site-packages/py_pubsub
[3.987s] copying /home/acer/ros2_ws/src/py_pubsub/build/py_pubsub/build/lib/py_pubsub/__init__.py -> /home/acer/ros2_ws/src/py_pubsub/install/py_pubsub/lib/python3.12/site-packages/py_pubsub
[3.987s] copying /home/acer/ros2_ws/src/py_pubsub/build/py_pubsub/build/lib/py_pubsub/subscriber_member_function.py -> /home/acer/ros2_ws/src/py_pubsub/install/py_pubsub/lib/python3.12/site-packages/py_pubsub
[3.989s] byte-compiling /home/acer/ros2_ws/src/py_pubsub/install/py_pubsub/lib/python3.12/site-packages/py_pubsub/publisher_member_function.py to publisher_member_function.cpython-312.pyc
[3.990s] byte-compiling /home/acer/ros2_ws/src/py_pubsub/install/py_pubsub/lib/python3.12/site-packages/py_pubsub/__init__.py to __init__.cpython-312.pyc
[3.991s] byte-compiling /home/acer/ros2_ws/src/py_pubsub/install/py_pubsub/lib/python3.12/site-packages/py_pubsub/subscriber_member_function.py to subscriber_member_function.cpython-312.pyc
[3.992s] running install_data
[3.992s] creating /home/acer/ros2_ws/src/py_pubsub/install/py_pubsub/share/ament_index
[3.993s] creating /home/acer/ros2_ws/src/py_pubsub/install/py_pubsub/share/ament_index/resource_index
[3.993s] creating /home/acer/ros2_ws/src/py_pubsub/install/py_pubsub/share/ament_index/resource_index/packages
[3.994s] copying resource/py_pubsub -> /home/acer/ros2_ws/src/py_pubsub/install/py_pubsub/share/ament_index/resource_index/packages
[3.995s] copying package.xml -> /home/acer/ros2_ws/src/py_pubsub/install/py_pubsub/share/py_pubsub
[3.996s] running install_egg_info
[4.041s] Copying build/py_pubsub/py_pubsub.egg-info to /home/acer/ros2_ws/src/py_pubsub/install/py_pubsub/lib/python3.12/site-packages/py_pubsub-0.0.0-py3.12.egg-info
[4.043s] running install_scripts
[4.289s] Installing listener script to /home/acer/ros2_ws/src/py_pubsub/install/py_pubsub/lib/py_pubsub
[4.289s] Installing talker script to /home/acer/ros2_ws/src/py_pubsub/install/py_pubsub/lib/py_pubsub
[4.290s] writing list of installed files to '/home/acer/ros2_ws/src/py_pubsub/build/py_pubsub/install.log'
[4.339s] Invoked command in '/home/acer/ros2_ws/src/py_pubsub' returned '0': PYTHONPATH=/home/acer/ros2_ws/src/py_pubsub/build/py_pubsub/prefix_override:/usr/lib/python3/dist-packages/colcon_core/task/python/colcon_distutils_commands:/home/acer/ros2_ws/src/py_pubsub/install/py_pubsub/lib/python3.12/site-packages:${PYTHONPATH} /usr/bin/python3 -W ignore:setup.py install is deprecated -W ignore:easy_install command is deprecated setup.py egg_info --egg-base build/py_pubsub build --build-base /home/acer/ros2_ws/src/py_pubsub/build/py_pubsub/build install --record /home/acer/ros2_ws/src/py_pubsub/build/py_pubsub/install.log --install-scripts $base/lib/py_pubsub --single-version-externally-managed install_data
